<div id="chapter_1"></div><h1 id="chapter_1-chapter-1"><a class="header" href="#chapter_1-chapter-1">Chapter 1</a></h1>
<h2 id="chapter_1-some-title"><a class="header" href="#chapter_1-some-title">Some title</a></h2>
<p>See <a href="#chapter_2-some-title">other</a></p>
<p>See <a href="#chapter_1-some-title">this</a></p>
<p>See <a href="#chapter_1-some-title">this anchor only</a></p>
<div style="break-before: page; page-break-before: always;"></div><div id="chapter_2"></div><h1 id="chapter_2-chapter-2"><a class="header" href="#chapter_2-chapter-2">Chapter 2</a></h1>
<h2 id="chapter_2-some-title"><a class="header" href="#chapter_2-some-title">Some title</a></h2>
<p>See <a href="#chapter_1-some-title">other</a></p>
<p>See <a href="#chapter_2-some-title">this</a></p>
<p>See <a href="#chapter_2-some-title">this anchor only</a></p>
<p><a href="#chapter_1-some-title">Works with HTML extension too</a></p>